$ export NODE_ENV=development && pnpm run build && exec pnpm run start
$ node ./build.mjs

  dist/index.mjs                       3.5mb ⚠️
  dist/pino-worker.mjs               153.5kb
  dist/pino-file.mjs                 142.1kb
  dist/pino-pretty.mjs               114.7kb
  dist/thread-stream-worker.mjs        7.4kb
  dist/index.mjs.map                   7.1mb
  dist/pino-worker.mjs.map           256.9kb
  dist/pino-file.mjs.map             229.0kb
  dist/pino-pretty.mjs.map           204.0kb
  dist/thread-stream-worker.mjs.map   12.0kb

⚡ Done in 399ms
$ node --enable-source-maps ./dist/index.mjs
[03:40:39.400] [32mINFO[39m (56574): [36mServer listening[39m
    [35mport[39m: 18081
[03:40:39.401] [32mINFO[39m (56574): [36moperation completed[39m
    [35mevent[39m: "operation"
    [35mcorrelationId[39m: "startup-56574"
    [35moperationType[39m: "startup"
    [35mdurationMs[39m: 544
    [35moutcome[39m: "success"
    [35msafeCounts[39m: {
      "port": 18081
    }
[03:40:39.438] [32mINFO[39m (56574): [36mhealth check completed[39m
    [35mevent[39m: "health_check"
    [35moutcome[39m: "success"
    [35mchecks[39m: {
      "process": "ok",
      "database": "ok",
      "dependencies": "ok"
    }
[03:40:39.442] [32mINFO[39m (56574): [36mrequest completed[39m
    [35mreq[39m: {
      "id": 1,
      "method": "GET",
      "url": "/api/healthz"
    }
    [35mres[39m: {
      "statusCode": 200
    }
    [35mresponseTime[39m: 17
[03:40:39.442] [32mINFO[39m (56574): [36moperation completed[39m
    [35mreq[39m: {
      "id": 1,
      "method": "GET",
      "url": "/api/healthz"
    }
    [35mevent[39m: "operation"
    [35mcorrelationId[39m: "47929400-08e7-4444-a0b7-063d2c2dad92"
    [35moperationType[39m: "request"
    [35mdurationMs[39m: 17
    [35moutcome[39m: "success"
    [35mstatusCode[39m: 200
    [35msafeCounts[39m: {
      "responseBytes": 116
    }
[03:40:41.309] [32mINFO[39m (56574): [36mhealth check completed[39m
    [35mevent[39m: "health_check"
    [35moutcome[39m: "success"
    [35mchecks[39m: {
      "process": "ok",
      "database": "ok",
      "dependencies": "ok"
    }
[03:40:41.310] [32mINFO[39m (56574): [36mrequest completed[39m
    [35mreq[39m: {
      "id": 2,
      "method": "GET",
      "url": "/api/healthz"
    }
    [35mres[39m: {
      "statusCode": 200
    }
    [35mresponseTime[39m: 3
[03:40:41.311] [32mINFO[39m (56574): [36moperation completed[39m
    [35mreq[39m: {
      "id": 2,
      "method": "GET",
      "url": "/api/healthz"
    }
    [35mevent[39m: "operation"
    [35mcorrelationId[39m: "11ebdc64-def6-4786-b1c7-3fa544f6e256"
    [35moperationType[39m: "request"
    [35mdurationMs[39m: 4
    [35moutcome[39m: "success"
    [35mstatusCode[39m: 200
    [35msafeCounts[39m: {
      "responseBytes": 116
    }
[03:40:49.483] [32mINFO[39m (56574): [36mmaster-data health scan completed[39m
    [35mevent[39m: "master_data_health_scan"
    [35menvironment[39m: "development"
    [35moutcome[39m: "success"
    [35msafeCounts[39m: {
      "findings": 0,
      "errors": 0,
      "warnings": 0
    }
[03:40:49.484] [32mINFO[39m (56574): [36mmaster-data health scan completed[39m
    [35mevent[39m: "master_data_health_scan"
    [35menvironment[39m: "live"
    [35moutcome[39m: "success"
    [35msafeCounts[39m: {
      "findings": 76,
      "errors": 0,
      "warnings": 76
    }
[03:40:52.331] [32mINFO[39m (56574): [36mrequest completed[39m
    [35mreq[39m: {
      "id": 3,
      "method": "GET",
      "url": "/api/me"
    }
    [35mres[39m: {
      "statusCode": 401
    }
    [35mresponseTime[39m: 1
[03:40:52.331] [32mINFO[39m (56574): [36moperation completed[39m
    [35mreq[39m: {
      "id": 3,
      "method": "GET",
      "url": "/api/me"
    }
    [35mevent[39m: "operation"
    [35mcorrelationId[39m: "0c710380-2f65-435d-b130-540b493db1d5"
    [35moperationType[39m: "request"
    [35mdurationMs[39m: 2
    [35moutcome[39m: "degraded"
    [35mstatusCode[39m: 401
    [35msafeCounts[39m: {
      "responseBytes": 24
    }
