$ export NODE_ENV=development && pnpm run build && exec pnpm run start
$ node ./build.mjs

  dist/index.mjs                       3.5mb ⚠️
  dist/pino-worker.mjs               153.5kb
  dist/pino-file.mjs                 142.1kb
  dist/pino-pretty.mjs               114.7kb
  dist/thread-stream-worker.mjs        7.4kb
  dist/index.mjs.map                   7.1mb
  dist/pino-worker.mjs.map           256.9kb
  dist/pino-file.mjs.map             229.0kb
  dist/pino-pretty.mjs.map           204.0kb
  dist/thread-stream-worker.mjs.map   12.0kb

⚡ Done in 880ms
$ node --enable-source-maps ./dist/index.mjs
[03:09:29.238] [32mINFO[39m (42422): [36mServer listening[39m
    [35mport[39m: 18081
[03:09:29.238] [32mINFO[39m (42422): [36moperation completed[39m
    [35mevent[39m: "operation"
    [35mcorrelationId[39m: "startup-42422"
    [35moperationType[39m: "startup"
    [35mdurationMs[39m: 202
    [35moutcome[39m: "success"
    [35msafeCounts[39m: {
      "port": 18081
    }
[03:09:29.300] [32mINFO[39m (42422): [36mhealth check completed[39m
    [35mevent[39m: "health_check"
    [35moutcome[39m: "success"
    [35mchecks[39m: {
      "process": "ok",
      "database": "ok",
      "dependencies": "ok"
    }
[03:09:29.303] [32mINFO[39m (42422): [36mrequest completed[39m
    [35mreq[39m: {
      "id": 1,
      "method": "GET",
      "url": "/api/healthz"
    }
    [35mres[39m: {
      "statusCode": 200
    }
    [35mresponseTime[39m: 16
[03:09:29.303] [32mINFO[39m (42422): [36moperation completed[39m
    [35mreq[39m: {
      "id": 1,
      "method": "GET",
      "url": "/api/healthz"
    }
    [35mevent[39m: "operation"
    [35mcorrelationId[39m: "44dfaa2a-bd41-4a9d-bb3b-30910315140e"
    [35moperationType[39m: "request"
    [35mdurationMs[39m: 15
    [35moutcome[39m: "success"
    [35mstatusCode[39m: 200
    [35msafeCounts[39m: {
      "responseBytes": 116
    }
[03:09:31.484] [32mINFO[39m (42422): [36mhealth check completed[39m
    [35mevent[39m: "health_check"
    [35moutcome[39m: "success"
    [35mchecks[39m: {
      "process": "ok",
      "database": "ok",
      "dependencies": "ok"
    }
[03:09:31.485] [32mINFO[39m (42422): [36mrequest completed[39m
    [35mreq[39m: {
      "id": 2,
      "method": "GET",
      "url": "/api/healthz"
    }
    [35mres[39m: {
      "statusCode": 200
    }
    [35mresponseTime[39m: 2
[03:09:31.485] [32mINFO[39m (42422): [36moperation completed[39m
    [35mreq[39m: {
      "id": 2,
      "method": "GET",
      "url": "/api/healthz"
    }
    [35mevent[39m: "operation"
    [35mcorrelationId[39m: "f98b746e-1e77-42cf-99f3-9cce4a9b11e1"
    [35moperationType[39m: "request"
    [35mdurationMs[39m: 3
    [35moutcome[39m: "success"
    [35mstatusCode[39m: 200
    [35msafeCounts[39m: {
      "responseBytes": 116
    }
[03:09:39.253] [32mINFO[39m (42422): [36mmaster-data health scan completed[39m
    [35mevent[39m: "master_data_health_scan"
    [35menvironment[39m: "development"
    [35moutcome[39m: "success"
    [35msafeCounts[39m: {
      "findings": 0,
      "errors": 0,
      "warnings": 0
    }
[03:09:39.254] [32mINFO[39m (42422): [36mmaster-data health scan completed[39m
    [35mevent[39m: "master_data_health_scan"
    [35menvironment[39m: "live"
    [35moutcome[39m: "success"
    [35msafeCounts[39m: {
      "findings": 76,
      "errors": 0,
      "warnings": 76
    }
[03:09:42.569] [32mINFO[39m (42422): [36mrequest completed[39m
    [35mreq[39m: {
      "id": 3,
      "method": "GET",
      "url": "/api/me"
    }
    [35mres[39m: {
      "statusCode": 401
    }
    [35mresponseTime[39m: 4
[03:09:42.569] [32mINFO[39m (42422): [36moperation completed[39m
    [35mreq[39m: {
      "id": 3,
      "method": "GET",
      "url": "/api/me"
    }
    [35mevent[39m: "operation"
    [35mcorrelationId[39m: "018469ce-340c-44c1-b332-aacee38559df"
    [35moperationType[39m: "request"
    [35mdurationMs[39m: 4
    [35moutcome[39m: "degraded"
    [35mstatusCode[39m: 401
    [35msafeCounts[39m: {
      "responseBytes": 24
    }
